\BOOKMARK [1][-]{section.1}{\376\377\000M\000a\000s\000t\000e\000r\000\040\000S\000y\000s\000t\000e\000m\000\040\000O\000v\000e\000r\000v\000i\000e\000w}{}% 1
\BOOKMARK [2][-]{subsection.1.1}{\376\377\000T\000h\000e\000\040\000T\000h\000r\000e\000e\000\040\000L\000a\000y\000e\000r\000s\000\040\000o\000f\000\040\000t\000h\000e\000\040\000R\000o\000v\000e\000r}{section.1}% 2
\BOOKMARK [1][-]{section.2}{\376\377\000H\000a\000r\000d\000w\000a\000r\000e\000\040\000A\000r\000c\000h\000i\000t\000e\000c\000t\000u\000r\000e\000\040\000\050\000L\000a\000y\000e\000r\000\040\0000\000\051}{}% 3
\BOOKMARK [2][-]{subsection.2.1}{\376\377\000P\000o\000w\000e\000r\000\040\000D\000i\000s\000t\000r\000i\000b\000u\000t\000i\000o\000n\000\040\000B\000o\000a\000r\000d\000\040\000\050\000P\000D\000B\000\051}{section.2}% 4
\BOOKMARK [2][-]{subsection.2.2}{\376\377\000T\000h\000e\000\040\000S\000a\000f\000e\000t\000y\000\040\000E\000-\000S\000t\000o\000p\000\040\000C\000i\000r\000c\000u\000i\000t\000\040\000\050\000C\000r\000u\000c\000i\000a\000l\000\051}{section.2}% 5
\BOOKMARK [2][-]{subsection.2.3}{\376\377\000L\000o\000g\000i\000c\000\040\000L\000e\000v\000e\000l\000\040\000S\000h\000i\000f\000t\000i\000n\000g}{section.2}% 6
\BOOKMARK [2][-]{subsection.2.4}{\376\377\000C\000o\000n\000t\000r\000o\000l\000\040\000B\000o\000a\000r\000d\000\040\000\050\000S\000T\000M\0003\0002\000\051}{section.2}% 7
\BOOKMARK [2][-]{subsection.2.5}{\376\377\000H\000o\000m\000e\000\040\000M\000a\000d\000e\000\040\000M\000o\000t\000o\000r\000\040\000D\000r\000i\000v\000e\000r\000\040\000B\000o\000a\000r\000d\000s\000\040\000o\000r\000\040\000B\000T\000S\000\040}{section.2}% 8
\BOOKMARK [1][-]{section.3}{\376\377\000F\000i\000r\000m\000w\000a\000r\000e\000\040\000A\000r\000c\000h\000i\000t\000e\000c\000t\000u\000r\000e\000\040\000\050\000S\000T\000M\0003\0002\000\051}{}% 9
\BOOKMARK [2][-]{subsection.3.1}{\376\377\000F\000r\000e\000e\000R\000T\000O\000S\000\040\000T\000a\000s\000k\000\040\000M\000a\000p}{section.3}% 10
\BOOKMARK [2][-]{subsection.3.2}{\376\377\000E\000m\000b\000e\000d\000d\000e\000d\000\040\000A\000P\000I\000s\000\040\000a\000n\000d\000\040\000D\000r\000i\000v\000e\000r\000s}{section.3}% 11
\BOOKMARK [3][-]{subsubsection.3.2.1}{\376\377\000E\000n\000c\000o\000d\000e\000r\000\040\000D\000r\000i\000v\000e\000r\000\040\000\050\000H\000a\000r\000d\000w\000a\000r\000e\000\040\000T\000i\000m\000e\000r\000s\000\051}{subsection.3.2}% 12
\BOOKMARK [3][-]{subsubsection.3.2.2}{\376\377\000M\000o\000t\000o\000r\000\040\000C\000o\000n\000t\000r\000o\000l\000\040\000\050\000P\000W\000M\000\040\000\051}{subsection.3.2}% 13
\BOOKMARK [3][-]{subsubsection.3.2.3}{\376\377\000K\000i\000n\000e\000m\000a\000t\000i\000c\000\040\000e\000q\000u\000a\000t\000i\000o\000n\000\040\000f\000o\000r\000\040\000t\000h\000e\000\040\000r\000o\000v\000e\000r}{subsection.3.2}% 14
\BOOKMARK [3][-]{subsubsection.3.2.4}{\376\377\000I\000M\000U\000\040\000D\000r\000i\000v\000e\000r\000\040\000\050\000B\000N\000O\0000\0005\0005\000\040\000v\000i\000a\000\040\000I\0002\000C\000\051}{subsection.3.2}% 15
\BOOKMARK [3][-]{subsubsection.3.2.5}{\376\377\000L\000a\000s\000e\000r\000\040\000P\000o\000i\000n\000t\000e\000r\000\040\000\046\000\040\000S\000e\000r\000v\000o\000\040\000D\000r\000i\000v\000e\000r\000s}{subsection.3.2}% 16
\BOOKMARK [3][-]{subsubsection.3.2.6}{\376\377\000\040\000G\000P\000S\000\040\000A\000P\000I}{subsection.3.2}% 17
\BOOKMARK [3][-]{subsubsection.3.2.7}{\376\377\000C\000o\000m\000m\000u\000n\000i\000c\000a\000t\000i\000o\000n\000\040\000M\000o\000d\000u\000l\000e\000\040\000F\000o\000r\000\040\000t\000h\000e\000\040\000P\000I}{subsection.3.2}% 18
\BOOKMARK [3][-]{subsubsection.3.2.8}{\376\377\000P\000I\000D\000\040\000C\000o\000n\000t\000r\000o\000l\000\040\000f\000o\000r\000\040\000w\000h\000e\000e\000l\000\040\000v\000e\000l\000o\000c\000i\000t\000y}{subsection.3.2}% 19
\BOOKMARK [3][-]{subsubsection.3.2.9}{\376\377\000B\000l\000u\000e\000t\000o\000o\000t\000h\000\040\000M\000o\000d\000u\000l\000e\000\040\000f\000o\000r\000\040\000R\000e\000m\000o\000t\000e\000\040\000C\000o\000n\000t\000r\000o\000l}{subsection.3.2}% 20
\BOOKMARK [3][-]{subsubsection.3.2.10}{\376\377\000\040\000V\000o\000l\000t\000a\000g\000e\000\040\000a\000n\000d\000\040\000C\000u\000r\000r\000e\000n\000t\000\040\000m\000e\000a\000s\000u\000r\000e\000m\000e\000n\000t\000\040\000c\000o\000d\000e\000\040}{subsection.3.2}% 21
\BOOKMARK [1][-]{section.4}{\376\377\000S\000o\000f\000t\000w\000a\000r\000e\000\040\000A\000r\000c\000h\000i\000t\000e\000c\000t\000u\000r\000e\000\040\000\050\000R\000O\000S\000\040\0002\000\040\000H\000u\000m\000b\000l\000e\000/\000J\000a\000z\000z\000y\000\051}{}% 22
\BOOKMARK [2][-]{subsection.4.1}{\376\377\000T\000h\000e\000\040\000R\000O\000S\000\040\0002\000\040\000W\000o\000r\000k\000s\000p\000a\000c\000e\000\040\000\050\000u\000g\000v\000c\000\137\000w\000s\000\051}{section.4}% 23
\BOOKMARK [2][-]{subsection.4.2}{\376\377\000R\000O\000S\000\040\0002\000\040\000N\000o\000d\000e\000\040\000\046\000\040\000T\000o\000p\000i\000c\000\040\000D\000i\000c\000t\000i\000o\000n\000a\000r\000y}{section.4}% 24
\BOOKMARK [2][-]{subsection.4.3}{\376\377\000G\000U\000I\000\040}{section.4}% 25
\BOOKMARK [2][-]{subsection.4.4}{\376\377\000N\000e\000t\000w\000o\000r\000k\000\040\000A\000r\000c\000h\000i\000t\000e\000c\000t\000u\000r\000e}{section.4}% 26
\BOOKMARK [1][-]{section.5}{\376\377\000T\000h\000e\000\040\000A\000u\000t\000o\000n\000o\000m\000y\000\040\000E\000n\000g\000i\000n\000e\000:\000\040\000H\000o\000w\000\040\000W\000e\000\040\000W\000i\000n}{}% 27
\BOOKMARK [2][-]{subsection.5.1}{\376\377\000S\000t\000e\000p\000\040\0001\000:\000\040\000L\000o\000c\000a\000l\000i\000z\000a\000t\000i\000o\000n\000\040\000\050\000W\000h\000e\000r\000e\000\040\000a\000m\000\040\000I\000?\000\051}{section.5}% 28
\BOOKMARK [2][-]{subsection.5.2}{\376\377\000S\000t\000e\000p\000\040\0002\000:\000\040\000P\000e\000r\000c\000e\000p\000t\000i\000o\000n\000\040\000\050\000W\000h\000a\000t\000\040\000i\000s\000\040\000a\000r\000o\000u\000n\000d\000\040\000m\000e\000?\000\051}{section.5}% 29
\BOOKMARK [2][-]{subsection.5.3}{\376\377\000S\000t\000e\000p\000\040\0003\000:\000\040\000P\000l\000a\000n\000n\000i\000n\000g\000\040\000\050\000H\000o\000w\000\040\000d\000o\000\040\000I\000\040\000m\000o\000v\000e\000?\000\051}{section.5}% 30
\BOOKMARK [2][-]{subsection.5.4}{\376\377\000S\000t\000e\000p\000\040\0004\000:\000\040\000T\000h\000e\000\040\000S\000t\000a\000t\000e\000\040\000M\000a\000c\000h\000i\000n\000e\000\040\000\050\000B\000e\000h\000a\000v\000i\000o\000r\000\040\000T\000r\000e\000e\000s\000\051}{section.5}% 31
